******************************************************************************
                  TI ARM Linker PC v16.9.6                     
******************************************************************************
>> Linked Wed Apr 11 23:29:23 2018

OUTPUT FILE NAME:   <lab12.out>
ENTRY POINT SYMBOL: "_c_int00"  address: 000007e1


MEMORY CONFIGURATION

         name            origin    length      used     unused   attr    fill
----------------------  --------  ---------  --------  --------  ----  --------
  FLASH                 00000000   00040000  00000b9c  0003f464  R  X
  SRAM                  20000000   00008000  0000007c  00007f84  RW X


SEGMENT ALLOCATION MAP

run origin  load origin   length   init length attrs members
----------  ----------- ---------- ----------- ----- -------
00000000    00000000    00000b9c   00000b9c    r-x
  00000000    00000000    0000026c   0000026c    r-- .intvecs
  0000026c    0000026c    00000810   00000810    r-x .text
  00000a7c    00000a7c    000000fc   000000fc    r-- .const
  00000b78    00000b78    00000024   00000024    r-- .cinit
20000000    20000000    0000007c   00000000    rw-
  20000000    20000000    00000064   00000000    rw- .stack
  20000064    20000064    00000018   00000000    rw- .data


SECTION ALLOCATION MAP

 output                                  attributes/
section   page    origin      length       input sections
--------  ----  ----------  ----------   ----------------
.intvecs   0    00000000    0000026c     
                  00000000    0000026c     tm4c123gh6pm_startup_ccs.obj (.intvecs)

.text      0    0000026c    00000810     
                  0000026c    00000132     driverlib.lib : gpio.obj (.text:GPIOPadConfigSet)
                  0000039e    00000002     rtsv7M4_T_le_v4SPD16_eabi.lib : mpu_init.obj (.text)
                  000003a0    00000110     driverlib.lib : sysctl.obj (.text:SysCtlClockGet)
                  000004b0    000000f4                   : sysctl.obj (.text:SysCtlClockSet)
                  000005a4    000000c8     main.obj (.text)
                  0000066c    0000009c     rtsv7M4_T_le_v4SPD16_eabi.lib : memcpy_t2.obj (.text)
                  00000708    00000070                                   : autoinit.obj (.text)
                  00000778    00000068                                   : copy_decompress_lzss.obj (.text:decompress:lzss)
                  000007e0    00000054                                   : boot.obj (.text)
                  00000834    00000054                                   : exit.obj (.text)
                  00000888    0000004c                                   : cpy_tbl.obj (.text)
                  000008d4    00000048     driverlib.lib : gpio.obj (.text:GPIOPinConfigure)
                  0000091c    00000046                   : uart.obj (.text:UARTConfigSetExpClk)
                  00000962    00000002     rtsv7M4_T_le_v4SPD16_eabi.lib : startup.obj (.text)
                  00000964    00000034     driverlib.lib : sysctl.obj (.text:SysCtlPeripheralEnable)
                  00000998    0000002a                   : gpio.obj (.text:GPIODirModeSet)
                  000009c2    00000002     --HOLE-- [fill = 0]
                  000009c4    00000020                   : uart.obj (.text:UARTDisable)
                  000009e4    00000018     rtsv7M4_T_le_v4SPD16_eabi.lib : args_main.obj (.text)
                  000009fc    00000014     driverlib.lib : uart.obj (.text:UARTEnable)
                  00000a10    00000014     rtsv7M4_T_le_v4SPD16_eabi.lib : _lock.obj (.text)
                  00000a24    00000012     driverlib.lib : gpio.obj (.text:GPIOPinTypeUART)
                  00000a36    0000000e                   : uart.obj (.text:UARTCharsAvail)
                  00000a44    0000000e     rtsv7M4_T_le_v4SPD16_eabi.lib : copy_decompress_none.obj (.text:decompress:none)
                  00000a52    0000000c     tm4c123gh6pm_startup_ccs.obj (.text)
                  00000a5e    0000000a     driverlib.lib : uart.obj (.text:UARTCharGet)
                  00000a68    0000000a                   : uart.obj (.text:UARTCharPut)
                  00000a72    00000006                   : sysctl.obj (.text:SysCtlDelay)
                  00000a78    00000004     rtsv7M4_T_le_v4SPD16_eabi.lib : pre_init.obj (.text)

.const     0    00000a7c    000000fc     
                  00000a7c    00000090     driverlib.lib : gpio.obj (.const:g_pui32GPIOBaseAddrs)
                  00000b0c    0000006c                   : sysctl.obj (.const:g_pui32Xtals)

.cinit     0    00000b78    00000024     
                  00000b78    00000011     (.cinit..data.load) [load image, compression = lzss]
                  00000b89    00000003     --HOLE-- [fill = 0]
                  00000b8c    00000008     (__TI_handler_table)
                  00000b94    00000008     (__TI_cinit_table)

.init_array 
*          0    00000000    00000000     UNINITIALIZED

.stack     0    20000000    00000064     UNINITIALIZED
                  20000000    00000064     --HOLE--

.data      0    20000064    00000018     UNINITIALIZED
                  20000064    0000000c     rtsv7M4_T_le_v4SPD16_eabi.lib : exit.obj (.data:$O1$$)
                  20000070    00000008                                   : _lock.obj (.data:$O1$$)
                  20000078    00000004                                   : stkdepth_vars.obj (.data)

MODULE SUMMARY

       Module                         code   ro data   rw data
       ------                         ----   -------   -------
    .\
       tm4c123gh6pm_startup_ccs.obj   12     620       0      
       main.obj                       200    0         0      
    +--+------------------------------+------+---------+---------+
       Total:                         212    620       0      
                                                              
    C:/ti/TivaWare_C_Series-2.1.4.178/driverlib/ccs/Debug/driverlib.lib
       sysctl.obj                     574    108       0      
       gpio.obj                       438    144       0      
       uart.obj                       156    0         0      
    +--+------------------------------+------+---------+---------+
       Total:                         1168   252       0      
                                                              
    C:\ti\ccsv7\tools\compiler\ti-cgt-arm_16.9.6.LTS\lib\rtsv7M4_T_le_v4SPD16_eabi.lib
       memcpy_t2.obj                  156    0         0      
       autoinit.obj                   112    0         0      
       copy_decompress_lzss.obj       104    0         0      
       exit.obj                       84     0         12     
       boot.obj                       84     0         0      
       cpy_tbl.obj                    76     0         0      
       _lock.obj                      20     0         8      
       args_main.obj                  24     0         0      
       copy_decompress_none.obj       14     0         0      
       pre_init.obj                   4      0         0      
       stkdepth_vars.obj              0      0         4      
       mpu_init.obj                   2      0         0      
       startup.obj                    2      0         0      
    +--+------------------------------+------+---------+---------+
       Total:                         682    0         24     
                                                              
       Stack:                         0      0         100    
       Linker Generated:              0      33        0      
    +--+------------------------------+------+---------+---------+
       Grand Total:                   2062   905       124    


LINKER GENERATED COPY TABLES

__TI_cinit_table @ 00000b94 records: 1, size/record: 8, table size: 8
	.data: load addr=00000b78, load size=00000011 bytes, run addr=20000064, run size=00000018 bytes, compression=lzss


LINKER GENERATED HANDLER TABLE

__TI_handler_table @ 00000b8c records: 2, size/record: 4, table size: 8
	index: 0, handler: __TI_decompress_lzss
	index: 1, handler: __TI_decompress_none


GLOBAL SYMBOLS: SORTED ALPHABETICALLY BY Name 

address   name                           
-------   ----                           
00000835  C$$EXIT                        
00000999  GPIODirModeSet                 
0000026d  GPIOPadConfigSet               
000008d5  GPIOPinConfigure               
00000a25  GPIOPinTypeUART                
00000a53  ResetISR                       
UNDEFED   SHT$$INIT_ARRAY$$Base          
UNDEFED   SHT$$INIT_ARRAY$$Limit         
000003a1  SysCtlClockGet                 
000004b1  SysCtlClockSet                 
00000a73  SysCtlDelay                    
00000965  SysCtlPeripheralEnable         
00000a5f  UARTCharGet                    
00000a69  UARTCharPut                    
00000a37  UARTCharsAvail                 
0000091d  UARTConfigSetExpClk            
000009c5  UARTDisable                    
000009fd  UARTEnable                     
20000064  __STACK_END                    
00000064  __STACK_SIZE                   
20000200  __STACK_TOP                    
00000b94  __TI_CINIT_Base                
00000b9c  __TI_CINIT_Limit               
00000b8c  __TI_Handler_Table_Base        
00000b94  __TI_Handler_Table_Limit       
00000709  __TI_auto_init                 
20000064  __TI_cleanup_ptr               
00000779  __TI_decompress_lzss           
00000a45  __TI_decompress_none           
20000068  __TI_dtors_ptr                 
2000006c  __TI_enable_exit_profile_output
ffffffff  __TI_pprof_out_hndl            
ffffffff  __TI_prof_data_size            
ffffffff  __TI_prof_data_start           
00000000  __TI_static_base__             
0000066d  __aeabi_memcpy                 
0000066d  __aeabi_memcpy4                
0000066d  __aeabi_memcpy8                
ffffffff  __binit__                      
ffffffff  __c_args__                     
0000039f  __mpu_init                     
20000000  __stack                        
000009e5  _args_main                     
000007e1  _c_int00                       
20000070  _lock                          
00000a1f  _nop                           
00000a17  _register_lock                 
00000a11  _register_unlock               
00000963  _system_post_cinit             
00000a79  _system_pre_init               
20000074  _unlock                        
00000839  abort                          
ffffffff  binit                          
00000889  copy_in                        
00000841  exit                           
00000000  g_pfnVectors                   
000005a5  main                           
20000078  main_func_sp                   
0000066d  memcpy                         


GLOBAL SYMBOLS: SORTED BY Symbol Address 

address   name                           
-------   ----                           
00000000  __TI_static_base__             
00000000  g_pfnVectors                   
00000064  __STACK_SIZE                   
0000026d  GPIOPadConfigSet               
0000039f  __mpu_init                     
000003a1  SysCtlClockGet                 
000004b1  SysCtlClockSet                 
000005a5  main                           
0000066d  __aeabi_memcpy                 
0000066d  __aeabi_memcpy4                
0000066d  __aeabi_memcpy8                
0000066d  memcpy                         
00000709  __TI_auto_init                 
00000779  __TI_decompress_lzss           
000007e1  _c_int00                       
00000835  C$$EXIT                        
00000839  abort                          
00000841  exit                           
00000889  copy_in                        
000008d5  GPIOPinConfigure               
0000091d  UARTConfigSetExpClk            
00000963  _system_post_cinit             
00000965  SysCtlPeripheralEnable         
00000999  GPIODirModeSet                 
000009c5  UARTDisable                    
000009e5  _args_main                     
000009fd  UARTEnable                     
00000a11  _register_unlock               
00000a17  _register_lock                 
00000a1f  _nop                           
00000a25  GPIOPinTypeUART                
00000a37  UARTCharsAvail                 
00000a45  __TI_decompress_none           
00000a53  ResetISR                       
00000a5f  UARTCharGet                    
00000a69  UARTCharPut                    
00000a73  SysCtlDelay                    
00000a79  _system_pre_init               
00000b8c  __TI_Handler_Table_Base        
00000b94  __TI_CINIT_Base                
00000b94  __TI_Handler_Table_Limit       
00000b9c  __TI_CINIT_Limit               
20000000  __stack                        
20000064  __STACK_END                    
20000064  __TI_cleanup_ptr               
20000068  __TI_dtors_ptr                 
2000006c  __TI_enable_exit_profile_output
20000070  _lock                          
20000074  _unlock                        
20000078  main_func_sp                   
20000200  __STACK_TOP                    
ffffffff  __TI_pprof_out_hndl            
ffffffff  __TI_prof_data_size            
ffffffff  __TI_prof_data_start           
ffffffff  __binit__                      
ffffffff  __c_args__                     
ffffffff  binit                          
UNDEFED   SHT$$INIT_ARRAY$$Base          
UNDEFED   SHT$$INIT_ARRAY$$Limit         

[59 symbols]
