******************************************************************************
                  TI ARM Linker PC v16.9.6                     
******************************************************************************
>> Linked Tue May 15 15:55:17 2018

OUTPUT FILE NAME:   <Menu.out>
ENTRY POINT SYMBOL: "_c_int00"  address: 00000a59


MEMORY CONFIGURATION

         name            origin    length      used     unused   attr    fill
----------------------  --------  ---------  --------  --------  ----  --------
  FLASH                 00000000   00040000  00000f16  0003f0ea  R  X
  SRAM                  20000000   00008000  0000007c  00007f84  RW X


SEGMENT ALLOCATION MAP

run origin  load origin   length   init length attrs members
----------  ----------- ---------- ----------- ----- -------
00000000    00000000    00000f1c   00000f1c    r-x
  00000000    00000000    0000026c   0000026c    r-- .intvecs
  0000026c    0000026c    00000b8a   00000b8a    r-x .text
  00000df8    00000df8    000000fc   000000fc    r-- .const
  00000ef8    00000ef8    00000024   00000024    r-- .cinit
20000000    20000000    0000007c   00000000    rw-
  20000000    20000000    00000064   00000000    rw- .stack
  20000064    20000064    00000018   00000000    rw- .data


SECTION ALLOCATION MAP

 output                                  attributes/
section   page    origin      length       input sections
--------  ----  ----------  ----------   ----------------
.intvecs   0    00000000    0000026c     
                  00000000    0000026c     tm4c123gh6pm_startup_ccs.obj (.intvecs)

.text      0    0000026c    00000b8a     
                  0000026c    00000340     main.obj (.text)
                  000005ac    00000132     driverlib.lib : gpio.obj (.text:GPIOPadConfigSet)
                  000006de    00000002     rtsv7M4_T_le_v4SPD16_eabi.lib : mpu_init.obj (.text)
                  000006e0    00000110     driverlib.lib : sysctl.obj (.text:SysCtlClockGet)
                  000007f0    000000f4                   : sysctl.obj (.text:SysCtlClockSet)
                  000008e4    0000009c     rtsv7M4_T_le_v4SPD16_eabi.lib : memcpy_t2.obj (.text)
                  00000980    00000070                                   : autoinit.obj (.text)
                  000009f0    00000068                                   : copy_decompress_lzss.obj (.text:decompress:lzss)
                  00000a58    00000054                                   : boot.obj (.text)
                  00000aac    00000054                                   : exit.obj (.text)
                  00000b00    0000004c                                   : cpy_tbl.obj (.text)
                  00000b4c    00000048     driverlib.lib : gpio.obj (.text:GPIOPinConfigure)
                  00000b94    00000046                   : uart.obj (.text:UARTConfigSetExpClk)
                  00000bda    00000036                   : pwm.obj (.text:PWMOutputUpdateMode)
                  00000c10    00000034                   : sysctl.obj (.text:SysCtlPeripheralEnable)
                  00000c44    0000002a                   : gpio.obj (.text:GPIODirModeSet)
                  00000c6e    00000022                   : pwm.obj (.text:PWMGenConfigure)
                  00000c90    00000020                   : uart.obj (.text:UARTDisable)
                  00000cb0    0000001e                   : pwm.obj (.text:PWMPulseWidthGet)
                  00000cce    0000001e                   : pwm.obj (.text:PWMPulseWidthSet)
                  00000cec    00000018                   : sysctl.obj (.text:SysCtlPWMClockGet)
                  00000d04    00000018     rtsv7M4_T_le_v4SPD16_eabi.lib : args_main.obj (.text)
                  00000d1c    00000014     driverlib.lib : sysctl.obj (.text:SysCtlPWMClockSet)
                  00000d30    00000014                   : uart.obj (.text:UARTEnable)
                  00000d44    00000014     rtsv7M4_T_le_v4SPD16_eabi.lib : _lock.obj (.text)
                  00000d58    00000012     driverlib.lib : gpio.obj (.text:GPIOPinTypePWM)
                  00000d6a    00000012                   : gpio.obj (.text:GPIOPinTypeUART)
                  00000d7c    00000012                   : pwm.obj (.text:PWMGenPeriodGet)
                  00000d8e    00000012                   : pwm.obj (.text:PWMOutputState)
                  00000da0    00000010                   : pwm.obj (.text:PWMGenPeriodSet)
                  00000db0    0000000e     rtsv7M4_T_le_v4SPD16_eabi.lib : copy_decompress_none.obj (.text:decompress:none)
                  00000dbe    0000000c     driverlib.lib : pwm.obj (.text:PWMGenEnable)
                  00000dca    0000000c     tm4c123gh6pm_startup_ccs.obj (.text)
                  00000dd6    0000000a     driverlib.lib : uart.obj (.text:UARTCharGet)
                  00000de0    0000000a                   : uart.obj (.text:UARTCharPut)
                  00000dea    00000006                   : sysctl.obj (.text:SysCtlDelay)
                  00000df0    00000004     rtsv7M4_T_le_v4SPD16_eabi.lib : pre_init.obj (.text)
                  00000df4    00000002                                   : startup.obj (.text)

.const     0    00000df8    000000fc     
                  00000df8    00000090     driverlib.lib : gpio.obj (.const:g_pui32GPIOBaseAddrs)
                  00000e88    0000006c                   : sysctl.obj (.const:g_pui32Xtals)

.cinit     0    00000ef8    00000024     
                  00000ef8    00000011     (.cinit..data.load) [load image, compression = lzss]
                  00000f09    00000003     --HOLE-- [fill = 0]
                  00000f0c    00000008     (__TI_handler_table)
                  00000f14    00000008     (__TI_cinit_table)

.init_array 
*          0    00000000    00000000     UNINITIALIZED

.stack     0    20000000    00000064     UNINITIALIZED
                  20000000    00000064     --HOLE--

.data      0    20000064    00000018     UNINITIALIZED
                  20000064    0000000c     rtsv7M4_T_le_v4SPD16_eabi.lib : exit.obj (.data:$O1$$)
                  20000070    00000008                                   : _lock.obj (.data:$O1$$)
                  20000078    00000004                                   : stkdepth_vars.obj (.data)

MODULE SUMMARY

       Module                         code   ro data   rw data
       ------                         ----   -------   -------
    .\
       main.obj                       832    0         0      
       tm4c123gh6pm_startup_ccs.obj   12     620       0      
    +--+------------------------------+------+---------+---------+
       Total:                         844    620       0      
                                                              
    C:/ti/TivaWare_C_Series-2.1.4.178/driverlib/ccs/Debug/driverlib.lib
       sysctl.obj                     618    108       0      
       gpio.obj                       456    144       0      
       pwm.obj                        212    0         0      
       uart.obj                       142    0         0      
    +--+------------------------------+------+---------+---------+
       Total:                         1428   252       0      
                                                              
    C:\ti\ccsv7\tools\compiler\ti-cgt-arm_16.9.6.LTS\lib\rtsv7M4_T_le_v4SPD16_eabi.lib
       memcpy_t2.obj                  156    0         0      
       autoinit.obj                   112    0         0      
       copy_decompress_lzss.obj       104    0         0      
       exit.obj                       84     0         12     
       boot.obj                       84     0         0      
       cpy_tbl.obj                    76     0         0      
       _lock.obj                      20     0         8      
       args_main.obj                  24     0         0      
       copy_decompress_none.obj       14     0         0      
       pre_init.obj                   4      0         0      
       stkdepth_vars.obj              0      0         4      
       mpu_init.obj                   2      0         0      
       startup.obj                    2      0         0      
    +--+------------------------------+------+---------+---------+
       Total:                         682    0         24     
                                                              
       Stack:                         0      0         100    
       Linker Generated:              0      33        0      
    +--+------------------------------+------+---------+---------+
       Grand Total:                   2954   905       124    


LINKER GENERATED COPY TABLES

__TI_cinit_table @ 00000f14 records: 1, size/record: 8, table size: 8
	.data: load addr=00000ef8, load size=00000011 bytes, run addr=20000064, run size=00000018 bytes, compression=lzss


LINKER GENERATED HANDLER TABLE

__TI_handler_table @ 00000f0c records: 2, size/record: 4, table size: 8
	index: 0, handler: __TI_decompress_lzss
	index: 1, handler: __TI_decompress_none


GLOBAL SYMBOLS: SORTED ALPHABETICALLY BY Name 

address   name                           
-------   ----                           
00000aad  C$$EXIT                        
00000c45  GPIODirModeSet                 
000005ad  GPIOPadConfigSet               
00000b4d  GPIOPinConfigure               
00000d59  GPIOPinTypePWM                 
00000d6b  GPIOPinTypeUART                
00000c6f  PWMGenConfigure                
00000dbf  PWMGenEnable                   
00000d7d  PWMGenPeriodGet                
00000da1  PWMGenPeriodSet                
00000d8f  PWMOutputState                 
00000bdb  PWMOutputUpdateMode            
00000cb1  PWMPulseWidthGet               
00000ccf  PWMPulseWidthSet               
00000dcb  ResetISR                       
UNDEFED   SHT$$INIT_ARRAY$$Base          
UNDEFED   SHT$$INIT_ARRAY$$Limit         
000006e1  SysCtlClockGet                 
000007f1  SysCtlClockSet                 
00000deb  SysCtlDelay                    
00000ced  SysCtlPWMClockGet              
00000d1d  SysCtlPWMClockSet              
00000c11  SysCtlPeripheralEnable         
00000dd7  UARTCharGet                    
00000de1  UARTCharPut                    
00000b95  UARTConfigSetExpClk            
00000c91  UARTDisable                    
00000d31  UARTEnable                     
20000064  __STACK_END                    
00000064  __STACK_SIZE                   
20000200  __STACK_TOP                    
00000f14  __TI_CINIT_Base                
00000f1c  __TI_CINIT_Limit               
00000f0c  __TI_Handler_Table_Base        
00000f14  __TI_Handler_Table_Limit       
00000981  __TI_auto_init                 
20000064  __TI_cleanup_ptr               
000009f1  __TI_decompress_lzss           
00000db1  __TI_decompress_none           
20000068  __TI_dtors_ptr                 
2000006c  __TI_enable_exit_profile_output
ffffffff  __TI_pprof_out_hndl            
ffffffff  __TI_prof_data_size            
ffffffff  __TI_prof_data_start           
00000000  __TI_static_base__             
000008e5  __aeabi_memcpy                 
000008e5  __aeabi_memcpy4                
000008e5  __aeabi_memcpy8                
ffffffff  __binit__                      
ffffffff  __c_args__                     
000006df  __mpu_init                     
20000000  __stack                        
00000d05  _args_main                     
00000a59  _c_int00                       
20000070  _lock                          
00000d53  _nop                           
00000d4b  _register_lock                 
00000d45  _register_unlock               
00000df5  _system_post_cinit             
00000df1  _system_pre_init               
20000074  _unlock                        
00000ab1  abort                          
ffffffff  binit                          
00000b01  copy_in                        
00000ab9  exit                           
00000000  g_pfnVectors                   
0000026d  main                           
20000078  main_func_sp                   
000008e5  memcpy                         


GLOBAL SYMBOLS: SORTED BY Symbol Address 

address   name                           
-------   ----                           
00000000  __TI_static_base__             
00000000  g_pfnVectors                   
00000064  __STACK_SIZE                   
0000026d  main                           
000005ad  GPIOPadConfigSet               
000006df  __mpu_init                     
000006e1  SysCtlClockGet                 
000007f1  SysCtlClockSet                 
000008e5  __aeabi_memcpy                 
000008e5  __aeabi_memcpy4                
000008e5  __aeabi_memcpy8                
000008e5  memcpy                         
00000981  __TI_auto_init                 
000009f1  __TI_decompress_lzss           
00000a59  _c_int00                       
00000aad  C$$EXIT                        
00000ab1  abort                          
00000ab9  exit                           
00000b01  copy_in                        
00000b4d  GPIOPinConfigure               
00000b95  UARTConfigSetExpClk            
00000bdb  PWMOutputUpdateMode            
00000c11  SysCtlPeripheralEnable         
00000c45  GPIODirModeSet                 
00000c6f  PWMGenConfigure                
00000c91  UARTDisable                    
00000cb1  PWMPulseWidthGet               
00000ccf  PWMPulseWidthSet               
00000ced  SysCtlPWMClockGet              
00000d05  _args_main                     
00000d1d  SysCtlPWMClockSet              
00000d31  UARTEnable                     
00000d45  _register_unlock               
00000d4b  _register_lock                 
00000d53  _nop                           
00000d59  GPIOPinTypePWM                 
00000d6b  GPIOPinTypeUART                
00000d7d  PWMGenPeriodGet                
00000d8f  PWMOutputState                 
00000da1  PWMGenPeriodSet                
00000db1  __TI_decompress_none           
00000dbf  PWMGenEnable                   
00000dcb  ResetISR                       
00000dd7  UARTCharGet                    
00000de1  UARTCharPut                    
00000deb  SysCtlDelay                    
00000df1  _system_pre_init               
00000df5  _system_post_cinit             
00000f0c  __TI_Handler_Table_Base        
00000f14  __TI_CINIT_Base                
00000f14  __TI_Handler_Table_Limit       
00000f1c  __TI_CINIT_Limit               
20000000  __stack                        
20000064  __STACK_END                    
20000064  __TI_cleanup_ptr               
20000068  __TI_dtors_ptr                 
2000006c  __TI_enable_exit_profile_output
20000070  _lock                          
20000074  _unlock                        
20000078  main_func_sp                   
20000200  __STACK_TOP                    
ffffffff  __TI_pprof_out_hndl            
ffffffff  __TI_prof_data_size            
ffffffff  __TI_prof_data_start           
ffffffff  __binit__                      
ffffffff  __c_args__                     
ffffffff  binit                          
UNDEFED   SHT$$INIT_ARRAY$$Base          
UNDEFED   SHT$$INIT_ARRAY$$Limit         

[69 symbols]
